---
source: tui/src/history_cell/tests.rs
assertion_line: 703
expression: rendered
---
/ps

Background terminals

  • job process-1 · echo hello [...]
    purpose: train model until val [...]
    triggers: metric_threshold val [...]
    last trigger: plateau: val_los [...]
    ↳ hello
      done
  • job process-2 · rg "foo" src
    ↳ src/main.rs:12:foo
